// Jest Snapshot v1, https://goo.gl/fbAQLP

exports[`<Game /> initializes should render a button to start 1`] = `"<button type=\\"submit\\">Play!</button>"`;

exports[`<Game /> initializes start should render <PlayerInfo> , <Timer>, <ScoreSummary>, <Proof> and <GameActions> components 1`] = `"<div class=\\"game\\"><div class=\\"game-info\\"><div class=\\"playerInfo\\">Hello! John Doe</div><div class=\\"timer\\">30</div><div class=\\"score-summary\\">Total Score: 0 <br/>Success: 0 <br/>Failures: 0<br/></div></div><div class=\\"game-proof\\">1 - 1 = ?</div><div class=\\"game-actions\\"><input type=\\"text\\"/><button type=\\"submit\\" class=\\"action-confirmProof\\">Confirm</button><button type=\\"submit\\">Resume</button></div><div class=\\"happyFace\\"></div></div>"`;
